--------------------------------------------------
|               Countries Capitals               |
--------------------------------------------------
| Canada                 |                Ottawa |
--------------------------------------------------
| Peru                   |                  Lima |
--------------------------------------------------
| United States          |            Washington |
--------------------------------------------------
| Brazil                 |              Brasilia |
--------------------------------------------------