(0l(B(0q(B(0q(B(0q(B(0q(B(0q(B(0q(B(0q(B(0q(B(0q(B(0q(B(0q(B(0q(B(0q(B(0q(B(0q(B(0q(B(0q(B(0q(B(0q(B(0q(B(0q(B(0q(B(0q(B(0q(B(0w(B(0q(B(0q(B(0q(B(0q(B(0q(B(0q(B(0q(B(0q(B(0q(B(0q(B(0q(B(0q(B(0q(B(0q(B(0q(B(0q(B(0q(B(0q(B(0q(B(0q(B(0q(B(0q(B(0q(B(0k(B
(0x(B                        (0x(B                       (0x(B
(0x(B       University       (0x(B      Score (IT)       (0x(B
(0x(B                        (0x(B                       (0x(B
(0t(B(0q(B(0q(B(0q(B(0q(B(0q(B(0q(B(0q(B(0q(B(0q(B(0q(B(0q(B(0q(B(0q(B(0q(B(0q(B(0q(B(0q(B(0q(B(0q(B(0q(B(0q(B(0q(B(0q(B(0q(B(0n(B(0q(B(0q(B(0q(B(0q(B(0q(B(0q(B(0q(B(0q(B(0q(B(0q(B(0q(B(0q(B(0q(B(0q(B(0q(B(0q(B(0q(B(0q(B(0q(B(0q(B(0q(B(0q(B(0q(B(0u(B
(0x(B Massachusetts Institu- (0x(B         94.2          (0x(B
(0x(B te of Technology (MIT) (0x(B                       (0x(B
(0t(B(0q(B(0q(B(0q(B(0q(B(0q(B(0q(B(0q(B(0q(B(0q(B(0q(B(0q(B(0q(B(0q(B(0q(B(0q(B(0q(B(0q(B(0q(B(0q(B(0q(B(0q(B(0q(B(0q(B(0q(B(0n(B(0q(B(0q(B(0q(B(0q(B(0q(B(0q(B(0q(B(0q(B(0q(B(0q(B(0q(B(0q(B(0q(B(0q(B(0q(B(0q(B(0q(B(0q(B(0q(B(0q(B(0q(B(0q(B(0q(B(0u(B
(0x(B  Stanford University   (0x(B         92.1          (0x(B
(0t(B(0q(B(0q(B(0q(B(0q(B(0q(B(0q(B(0q(B(0q(B(0q(B(0q(B(0q(B(0q(B(0q(B(0q(B(0q(B(0q(B(0q(B(0q(B(0q(B(0q(B(0q(B(0q(B(0q(B(0q(B(0n(B(0q(B(0q(B(0q(B(0q(B(0q(B(0q(B(0q(B(0q(B(0q(B(0q(B(0q(B(0q(B(0q(B(0q(B(0q(B(0q(B(0q(B(0q(B(0q(B(0q(B(0q(B(0q(B(0q(B(0u(B
(0x(B    Carnegie Mellon     (0x(B         91.2          (0x(B
(0x(B       University       (0x(B                       (0x(B
(0t(B(0q(B(0q(B(0q(B(0q(B(0q(B(0q(B(0q(B(0q(B(0q(B(0q(B(0q(B(0q(B(0q(B(0q(B(0q(B(0q(B(0q(B(0q(B(0q(B(0q(B(0q(B(0q(B(0q(B(0q(B(0n(B(0q(B(0q(B(0q(B(0q(B(0q(B(0q(B(0q(B(0q(B(0q(B(0q(B(0q(B(0q(B(0q(B(0q(B(0q(B(0q(B(0q(B(0q(B(0q(B(0q(B(0q(B(0q(B(0q(B(0u(B
(0x(B National University of (0x(B         90.6          (0x(B
(0x(B    Singapore (NUS)     (0x(B                       (0x(B
(0m(B(0q(B(0q(B(0q(B(0q(B(0q(B(0q(B(0q(B(0q(B(0q(B(0q(B(0q(B(0q(B(0q(B(0q(B(0q(B(0q(B(0q(B(0q(B(0q(B(0q(B(0q(B(0q(B(0q(B(0q(B(0v(B(0q(B(0q(B(0q(B(0q(B(0q(B(0q(B(0q(B(0q(B(0q(B(0q(B(0q(B(0q(B(0q(B(0q(B(0q(B(0q(B(0q(B(0q(B(0q(B(0q(B(0q(B(0q(B(0q(B(0j(B