+------------------------------------------------+
| Countries Capitals                             |
+------------------------+-----------------------+
| United States          | Washington            |
+------------------------+-----------------------+
| Brazil                 | Brasilia              |
+------------------------+-----------------------+
| Countries Population                           |
+------------------------+-----------------------+
| United States          | 340.1 million (2024)  |
+------------------------+-----------------------+
| Brazil                 | 211.1 million (2023)  |
+------------------------+-----------------------+