+------------------------+-----------------------+
|                        |                       |
|        Company         |      Market Cap       |
|                        |                       |
+------------------------+-----------------------+
| Microsoft              | $3.256 T              |
+------------------------+-----------------------+
| Apple                  | $2.949 T              |
+------------------------+-----------------------+
| NVIDIA                 | $2.863 T              |
+------------------------+-----------------------+
| Amazon                 | $2.039 T              |
+------------------------+-----------------------+
| Google                 | $1.880 T              |
+------------------------+-----------------------+