+------------------------+-----------------------+
| Country                | Capital               |
+------------------------+-----------------------+
| Canada                 | Ottawa                |
+------------------------+-----------------------+
| Peru                   | Lima                  |
+------------------------+-----------------------+
| United States          | Washington            |
+------------------------+-----------------------+
| Brazil                 | Brasilia              |
+------------------------+-----------------------+