+------------------------------------------------+
|            5-Top Largest Countries             |
+----+-------------------------------------------+
| #1 | Russia                                    |
+----+-------------------------------------------+
| #2 | Canada                                    |
+----+-------------------------------------------+
| #3 | USA                                       |
+----+-------------------------------------------+
| #4 | China                                     |
+----+-------------------------------------------+
| #5 | Brazil                                    |
+----+-------------------------------------------+